
Andrew@DESKTOP-G3M6I3A MINGW64 ~
$ git config --global user.email "a.abramov@mail.lv"

Andrew@DESKTOP-G3M6I3A MINGW64 ~
$ git config --global user.name "a-abramov-ee"

Andrew@DESKTOP-G3M6I3A MINGW64 ~
$ git clone https://github.com/a-abramov-ee/os-lab/git os_repo
Cloning into 'os_repo'...
remote: Not Found
fatal: repository 'https://github.com/a-abramov-ee/os-lab/git/' not found

Andrew@DESKTOP-G3M6I3A MINGW64 ~
$ git clone https://github.com/a-abramov-ee/os-lab.git os_repo
Cloning into 'os_repo'...
warning: You appear to have cloned an empty repository.

Andrew@DESKTOP-G3M6I3A MINGW64 ~
$ cd ~os_repo
bash: cd: ~os_repo: No such file or directory

Andrew@DESKTOP-G3M6I3A MINGW64 ~
$ cd ~/os_repo

Andrew@DESKTOP-G3M6I3A MINGW64 ~/os_repo (main)
$ mkdir 01Lab_repo

Andrew@DESKTOP-G3M6I3A MINGW64 ~/os_repo (main)
$ cp -r /c/Lab/01Lab/ /c/Users/ashes/os_repo/01Lab_repo/

Andrew@DESKTOP-G3M6I3A MINGW64 ~/os_repo (main)
$ git push origin main
error: src refspec main does not match any
error: failed to push some refs to 'https://github.com/a-abramov-ee/os-lab.git'

Andrew@DESKTOP-G3M6I3A MINGW64 ~/os_repo (main)
$ git add .

Andrew@DESKTOP-G3M6I3A MINGW64 ~/os_repo (main)
$ git add folder/*
fatal: pathspec 'folder/*' did not match any files

Andrew@DESKTOP-G3M6I3A MINGW64 ~/os_repo (main)
$ git add path/to/c/Users/ashes/os_repo/01Lab_repo/
fatal: pathspec 'path/to/c/Users/ashes/os_repo/01Lab_repo/' did not match any files

Andrew@DESKTOP-G3M6I3A MINGW64 ~/os_repo (main)
$ git add path/to/c/Users/ashes/os_repo/01Lab_repo/01Lab/
fatal: pathspec 'path/to/c/Users/ashes/os_repo/01Lab_repo/01Lab/' did not match any files

Andrew@DESKTOP-G3M6I3A MINGW64 ~/os_repo (main)
$ cd ~/os_repo/01Lab_repo/01Lab/

Andrew@DESKTOP-G3M6I3A MINGW64 ~/os_repo/01Lab_repo/01Lab (main)
$ cd ~/os_repo/01Lab_repo/

Andrew@DESKTOP-G3M6I3A MINGW64 ~/os_repo/01Lab_repo (main)
$ git add 01Lab

Andrew@DESKTOP-G3M6I3A MINGW64 ~/os_repo/01Lab_repo (main)
$ git commit -m "test"
[main (root-commit) ef943c0] test
 4 files changed, 24 insertions(+)
 create mode 100644 01Lab_repo/01Lab/cmd_history.txt
 create mode 100644 01Lab_repo/01Lab/copy/lab1_sorted.txt
 create mode 100644 01Lab_repo/01Lab/lab1.txt
 create mode 100644 01Lab_repo/01Lab/lab1_sorted.txt

Andrew@DESKTOP-G3M6I3A MINGW64 ~/os_repo/01Lab_repo (main)
$ git push origin main
info: please complete authentication in your browser...
Enumerating objects: 8, done.
Counting objects: 100% (8/8), done.
Delta compression using up to 4 threads
Compressing objects: 100% (5/5), done.
Writing objects: 100% (8/8), 717 bytes | 239.00 KiB/s, done.
Total 8 (delta 0), reused 0 (delta 0), pack-reused 0 (from 0)
To https://github.com/a-abramov-ee/os-lab.git
 * [new branch]      main -> main

Andrew@DESKTOP-G3M6I3A MINGW64 ~/os_repo/01Lab_repo (main)
$ doskey /history bash_history.txt
Ошибка в макросе.

Andrew@DESKTOP-G3M6I3A MINGW64 ~/os_repo/01Lab_repo (main)
$ doskey /history > bash_history/txt
bash: bash_history/txt: No such file or directory

Andrew@DESKTOP-G3M6I3A MINGW64 ~/os_repo/01Lab_repo (main)
$ doskey /history > bash_history.txt

Andrew@DESKTOP-G3M6I3A MINGW64 ~/os_repo/01Lab_repo (main)
$